#-----------------------------------------------------------
# Vivado v2019.1 (64-bit)
# SW Build 2552052 on Fri May 24 14:49:42 MDT 2019
# IP Build 2548770 on Fri May 24 18:01:18 MDT 2019
# Start of session at: Fri May 20 14:17:22 2022
# Process ID: 13176
# Current directory: C:/Users/Bradygoat1/Desktop/mips
# Command line: vivado.exe -gui_launcher_event rodinguilauncherevent17288 C:\Users\Bradygoat1\Desktop\mips\mips.xpr
# Log file: C:/Users/Bradygoat1/Desktop/mips/vivado.log
# Journal file: C:/Users/Bradygoat1/Desktop/mips\vivado.jou
#-----------------------------------------------------------
start_gui
open_project C:/Users/Bradygoat1/Desktop/mips/mips.xpr
update_compile_order -fileset sources_1
set_property BOARD_PART_REPO_PATHS {C:/Users/Bradygoat1/AppData/Roaming/Xilinx/Vivado/2019.1/xhub/board_store} [current_project]
set_param board.repoPaths {C:/Users/Bradygoat1/AppData/Roaming/Xilinx/Vivado/2019.1/xhub/board_store}
update_compile_order -fileset sources_1
update_compile_order -fileset sim_1
update_compile_order -fileset sim_1
update_compile_order -fileset sources_1
update_compile_order -fileset sources_1
update_compile_order -fileset sources_1
launch_simulation
source openmips_min_sopc_tb.tcl
save_wave_config {C:/Users/Bradygoat1/Desktop/mips/5-6.wcfg}
add_files -fileset sim_1 -norecurse C:/Users/Bradygoat1/Desktop/mips/5-6.wcfg
set_property xsim.view {C:/Users/Bradygoat1/Desktop/mips/inst_fetch_tb_behav.wcfg C:/Users/Bradygoat1/Desktop/mips/inst_fetch_tb_behav.wcfg C:/Users/Bradygoat1/Desktop/mips/5-6.wcfg} [get_filesets sim_1]
restart
run all
save_wave_config {C:/Users/Bradygoat1/Desktop/mips/5-6.wcfg}
restart
run all
close_sim
launch_simulation
open_wave_config C:/Users/Bradygoat1/Desktop/mips/5-6.wcfg
source openmips_min_sopc_tb.tcl
close_sim
